{
  "version": "1.5.0",
  "plugins_used": [
    {
      "name": "ArtifactoryDetector"
    },
    {
      "name": "AWSKeyDetector"
    },
    {
      "name": "AzureStorageKeyDetector"
    },
    {
      "name": "Base64HighEntropyString",
      "limit": 4.5
    },
    {
      "name": "BasicAuthDetector"
    },
    {
      "name": "CloudantDetector"
    },
    {
      "name": "DiscordBotTokenDetector"
    },
    {
      "name": "GitHubTokenDetector"
    },
    {
      "name": "GitLabTokenDetector"
    },
    {
      "name": "HexHighEntropyString",
      "limit": 3.0
    },
    {
      "name": "IbmCloudIamDetector"
    },
    {
      "name": "IbmCosHmacDetector"
    },
    {
      "name": "IPPublicDetector"
    },
    {
      "name": "JwtTokenDetector"
    },
    {
      "name": "KeywordDetector",
      "keyword_exclude": ""
    },
    {
      "name": "MailchimpDetector"
    },
    {
      "name": "NpmDetector"
    },
    {
      "name": "OpenAIDetector"
    },
    {
      "name": "PrivateKeyDetector"
    },
    {
      "name": "PypiTokenDetector"
    },
    {
      "name": "SendGridDetector"
    },
    {
      "name": "SlackDetector"
    },
    {
      "name": "SoftlayerDetector"
    },
    {
      "name": "SquareOAuthDetector"
    },
    {
      "name": "StripeDetector"
    },
    {
      "name": "TelegramBotTokenDetector"
    },
    {
      "name": "TwilioKeyDetector"
    }
  ],
  "filters_used": [
    {
      "path": "detect_secrets.filters.allowlist.is_line_allowlisted"
    },
    {
      "path": "detect_secrets.filters.common.is_ignored_due_to_verification_policies",
      "min_level": 2
    },
    {
      "path": "detect_secrets.filters.heuristic.is_indirect_reference"
    },
    {
      "path": "detect_secrets.filters.heuristic.is_likely_id_string"
    },
    {
      "path": "detect_secrets.filters.heuristic.is_lock_file"
    },
    {
      "path": "detect_secrets.filters.heuristic.is_not_alphanumeric_string"
    },
    {
      "path": "detect_secrets.filters.heuristic.is_potential_uuid"
    },
    {
      "path": "detect_secrets.filters.heuristic.is_prefixed_with_dollar_sign"
    },
    {
      "path": "detect_secrets.filters.heuristic.is_sequential_string"
    },
    {
      "path": "detect_secrets.filters.heuristic.is_swagger_file"
    },
    {
      "path": "detect_secrets.filters.heuristic.is_templated_secret"
    },
    {
      "path": "detect_secrets.filters.regex.should_exclude_file",
      "pattern": [
        "^\\.secrets.baseline$"
      ]
    }
  ],
  "results": {
    "configs/final.yaml": [
      {
        "type": "Hex High Entropy String",
        "filename": "configs/final.yaml",
        "hashed_secret": "96d08b0f95a376c1353049c6316504ea1439dc75",
        "is_verified": false,
        "line_number": 61,
        "is_secret": false
      },
      {
        "type": "Hex High Entropy String",
        "filename": "configs/final.yaml",
        "hashed_secret": "8a80c41dd8327e3e7f872f93875cff854e79db10",
        "is_verified": false,
        "line_number": 69,
        "is_secret": false
      },
      {
        "type": "Hex High Entropy String",
        "filename": "configs/final.yaml",
        "hashed_secret": "99878861a99799c8aeb4f95fbd5d060abd5b7c14",
        "is_verified": false,
        "line_number": 77,
        "is_secret": false
      },
      {
        "type": "Hex High Entropy String",
        "filename": "configs/final.yaml",
        "hashed_secret": "a5fbb023955d9ca92c5b0b7a8aba93a83edc0dc5",
        "is_verified": false,
        "line_number": 85,
        "is_secret": false
      },
      {
        "type": "Hex High Entropy String",
        "filename": "configs/final.yaml",
        "hashed_secret": "c1cc2378570c0d8a7f1f04d587c9027435e5ac0c",
        "is_verified": false,
        "line_number": 93,
        "is_secret": false
      }
    ],
    "notebooks/final_submission.ipynb": [
      {
        "type": "Hex High Entropy String",
        "filename": "notebooks/final_submission.ipynb",
        "hashed_secret": "8b268dcc3757bbe985558f068df496c4eec9f952",
        "is_verified": false,
        "line_number": 1728,
        "is_secret": false
      }
    ],
    "src/biohub_tracking/kaggle/variants.py": [
      {
        "type": "Hex High Entropy String",
        "filename": "src/biohub_tracking/kaggle/variants.py",
        "hashed_secret": "8b268dcc3757bbe985558f068df496c4eec9f952",
        "is_verified": false,
        "line_number": 19,
        "is_secret": false
      }
    ]
  },
  "generated_at": "2026-09-30T15:07:30Z"
}
